// Jest Snapshot v1, https://goo.gl/fbAQLP

exports[`Index page clicking button triggers alert 1`] = `
<DocumentFragment>
  <div
    class="css-12mft5n"
  >
    <div
      class="css-12mft5n"
    >
      <main>
        <h1
          class="css-1y1lo0n"
        >
          Simon.Goldin
        </h1>
      </main>
      <footer
        class="css-8u3q9h"
      >
        Footer
      </footer>
      <a
        href="./blog"
      >
        Blog
      </a>
      <a
        href="./projects"
      >
        Projects
      </a>
    </div>
  </div>
</DocumentFragment>
`;
